// Jest Snapshot v1, https://goo.gl/fbAQLP

exports[`(render) should write doc 1`] = `
"---
title: \\"typedoc-plugin-markdown\\"
---

# MY README

> Some block quote

<!-- some comments -->

Some text
"
`;

exports[`(render) should write docs 1`] = `
Array [
  "README.md",
  "classes",
  "enums",
  "interfaces",
  "modules",
  "modules.md",
]
`;

exports[`(sidebars) should generate default 1`] = `
Object {
  "content": "export default ({ siteData, options }) => {
          siteData.themeConfig.sidebarDepth = 0;
          siteData.themeConfig.sidebar = Object.assign({},siteData.themeConfig.sidebar,{\\"/api/\\":[[\\"/api/\\",\\"Readme\\"],[\\"modules\\",\\"Exports\\"],{\\"title\\":\\"Namespaces\\",\\"children\\":[[\\"modules/namespacea\\",\\"namespaceA\\"],[\\"modules/namespaceb\\",\\"namespaceB\\"]]},{\\"title\\":\\"Enumerations\\",\\"children\\":[[\\"enums/enumitema\\",\\"enumItemA\\"],[\\"enums/enumitemb\\",\\"enumItemB\\"]]},{\\"title\\":\\"Classes\\",\\"children\\":[[\\"classes/namespacea.somenestedclass\\",\\"SomeNestedClass\\"],[\\"classes/classitema\\",\\"ClassItemA\\"],[\\"classes/classitemb\\",\\"ClassItemB\\"]]},{\\"title\\":\\"Interfaces\\",\\"children\\":[[\\"interfaces/interfaceitema\\",\\"InterfaceItemA\\"],[\\"interfaces/interfaceitemb\\",\\"InterfaceItemB\\"]]}]});
        }",
  "name": "typedoc-sidebar",
}
`;

exports[`(sidebars) should generate with parent category and fullNames 1`] = `
Object {
  "content": "export default ({ siteData, options }) => {
          siteData.themeConfig.sidebarDepth = 0;
          siteData.themeConfig.sidebar = Object.assign({},siteData.themeConfig.sidebar,{\\"/api/\\":[{\\"title\\":\\"Parent Category\\",\\"children\\":[[\\"/api/\\",\\"Readme\\"],[\\"modules\\",\\"Exports\\"],{\\"title\\":\\"Namespaces\\",\\"children\\":[[\\"modules/namespacea\\",\\"namespaceA\\"],[\\"modules/namespaceb\\",\\"namespaceB\\"]]},{\\"title\\":\\"Enumerations\\",\\"children\\":[[\\"enums/enumitema\\",\\"enumItemA\\"],[\\"enums/enumitemb\\",\\"enumItemB\\"]]},{\\"title\\":\\"Classes\\",\\"children\\":[[\\"classes/namespacea.somenestedclass\\",\\"namespaceA.SomeNestedClass\\"],[\\"classes/classitema\\",\\"ClassItemA\\"],[\\"classes/classitemb\\",\\"ClassItemB\\"]]},{\\"title\\":\\"Interfaces\\",\\"children\\":[[\\"interfaces/interfaceitema\\",\\"InterfaceItemA\\"],[\\"interfaces/interfaceitemb\\",\\"InterfaceItemB\\"]]}]}]});
        }",
  "name": "typedoc-sidebar",
}
`;
