// Jest Snapshot v1, https://goo.gl/fbAQLP

exports[`Options: should merge custom sidebar options 1`] = `
Object {
  "fullNames": true,
  "indexLabel": "Custom index",
  "readmeLabel": "Custom readme",
  "sidebarFile": "custom-sidebar.js",
  "sidebarPath": "/site-dir/custom-sidebar.js",
}
`;

exports[`Options: should merge plugins 1`] = `
Array [
  "plugin-xyz",
]
`;

exports[`Options: should return default options 1`] = `
Object {
  "docsRoot": "docs",
  "entryDocument": "index.md",
  "entryPoints": Array [
    "entrypoint.ts",
  ],
  "hideBreadcrumbs": true,
  "hideInPageTOC": true,
  "id": "default",
  "out": "api",
  "outputDirectory": "/site-dir/docs/api",
  "plugin": Array [
    "none",
  ],
  "sidebar": Object {
    "fullNames": false,
    "indexLabel": "Table of contents",
    "readmeLabel": "Readme",
    "sidebarFile": "typedoc-sidebar.js",
    "sidebarPath": "/site-dir/typedoc-sidebar.js",
  },
  "siteDir": "/site-dir",
  "watch": false,
}
`;
