// Jest Snapshot v1, https://goo.gl/fbAQLP

exports[`Sidebar: should write sidebar with custom out dir and custom sidebar path 1`] = `
"module.exports = [
  \\"custom-out/index\\",
  {
    \\"type\\": \\"category\\",
    \\"label\\": \\"Modules\\",
    \\"items\\": [
      \\"custom-out/modules/frontmatter\\",
      \\"custom-out/modules/theme\\"
    ]
  },
  {
    \\"type\\": \\"category\\",
    \\"label\\": \\"Namespaces\\",
    \\"items\\": [
      \\"custom-out/modules/theme.namespacea\\",
      \\"custom-out/modules/theme.namespaceb\\"
    ]
  },
  {
    \\"type\\": \\"category\\",
    \\"label\\": \\"Enumerations\\",
    \\"items\\": [
      \\"custom-out/enums/theme.enumitema\\",
      \\"custom-out/enums/theme.enumitemb\\"
    ]
  },
  {
    \\"type\\": \\"category\\",
    \\"label\\": \\"Classes\\",
    \\"items\\": [
      \\"custom-out/classes/frontmatter.frontmatterclass\\",
      \\"custom-out/classes/theme.namespacea.somenestedclass\\",
      \\"custom-out/classes/theme.classitema\\",
      \\"custom-out/classes/theme.classitemb\\"
    ]
  },
  {
    \\"type\\": \\"category\\",
    \\"label\\": \\"Interfaces\\",
    \\"items\\": [
      \\"custom-out/interfaces/theme.interfaceitema\\",
      \\"custom-out/interfaces/theme.interfaceitemb\\"
    ]
  }
];"
`;

exports[`Sidebar: should write sidebar with defaults out 1`] = `
"module.exports = [
  \\"api/index\\",
  {
    \\"type\\": \\"category\\",
    \\"label\\": \\"Modules\\",
    \\"items\\": [
      \\"api/modules/frontmatter\\",
      \\"api/modules/theme\\"
    ]
  },
  {
    \\"type\\": \\"category\\",
    \\"label\\": \\"Namespaces\\",
    \\"items\\": [
      \\"api/modules/theme.namespacea\\",
      \\"api/modules/theme.namespaceb\\"
    ]
  },
  {
    \\"type\\": \\"category\\",
    \\"label\\": \\"Enumerations\\",
    \\"items\\": [
      \\"api/enums/theme.enumitema\\",
      \\"api/enums/theme.enumitemb\\"
    ]
  },
  {
    \\"type\\": \\"category\\",
    \\"label\\": \\"Classes\\",
    \\"items\\": [
      \\"api/classes/frontmatter.frontmatterclass\\",
      \\"api/classes/theme.namespacea.somenestedclass\\",
      \\"api/classes/theme.classitema\\",
      \\"api/classes/theme.classitemb\\"
    ]
  },
  {
    \\"type\\": \\"category\\",
    \\"label\\": \\"Interfaces\\",
    \\"items\\": [
      \\"api/interfaces/theme.interfaceitema\\",
      \\"api/interfaces/theme.interfaceitemb\\"
    ]
  }
];"
`;
