// Jest Snapshot v1, https://goo.gl/fbAQLP

exports[`Reflections: (header) should compile template with breadcrumbs and project title 1`] = `
"[helper: breadcrumbs]

# Enumeration: EnumReflection

[helper: toc]

[partial: members]
"
`;

exports[`Reflections: (template) should compile a callable reflection 1`] = `
"# Interface: CallableReflection

## Hierarchy

[helper: hierarchy]

## Callable

[partial: member.signature]

[helper: toc]

[partial: members]
"
`;

exports[`Reflections: (template) should compile an indexable reflection 1`] = `
"# Interface: IndexableReflection

## Hierarchy

[helper: hierarchy]

## Indexable

â–ª [index: *number*]: *string*

[partial: comment]

[helper: toc]

[partial: members]
"
`;

exports[`Reflections: (template) should compile module with breadcrumbs and project title 1`] = `
"# Enumeration: EnumReflection

[helper: toc]

[partial: members]
"
`;

exports[`Reflections: (template) should compile reflection with type params 1`] = `
"# Interface: ReflectionWithTypeParams<T, V\\\\>

[partial: comment]

## Type parameters

Name | Description |
------ | ------ |
\`T\` | Some type param   |
\`V\` | Some other type param    |

## Hierarchy

[helper: hierarchy]

[helper: toc]

[partial: members]
"
`;
