// Jest Snapshot v1, https://goo.gl/fbAQLP

exports[`Theme: should getUrls' 1`] = `
Array [
  "modules.md",
  "modules.md#markdown-header-declarationitema",
  "modules.md#markdown-header-declarationitemb",
  "modules.md#markdown-header-functionitema",
  "modules.md#markdown-header-functionitemb",
  "README.md",
  "modules.md#markdown-header-declarationitema",
  "modules.md#markdown-header-declarationitemb",
  "modules.md#markdown-header-functionitema",
  "modules.md#markdown-header-functionitemb",
  "modules/namespacea.md",
  "modules/namespaceb.md",
  "enums/enumitema.md",
  "enums/enumitemb.md",
  "classes/classitema.md",
  "classes/classitema.md#markdown-header-constructor",
  "classes/classitemb.md",
  "classes/classitemb.md#markdown-header-constructor",
  "interfaces/interfaceitema.md",
  "interfaces/interfaceitema.md#markdown-header-prop",
  "interfaces/interfaceitemb.md",
  "interfaces/interfaceitemb.md#markdown-header-prop",
]
`;
