// Jest Snapshot v1, https://goo.gl/fbAQLP

exports[`Theme: should getUrls' 1`] = `
Array [
  "Exports.md",
  "Exports.md#declarationitema",
  "Exports.md#declarationitemb",
  "Exports.md#functionitema",
  "Exports.md#functionitemb",
  "home.md",
  "Exports.md#declarationitema",
  "Exports.md#declarationitemb",
  "Exports.md#functionitema",
  "Exports.md#functionitemb",
  "modules/Namespace:-namespaceA.md",
  "classes/Class:-SomeNestedClass.md",
  "classes/Class:-SomeNestedClass.md#constructor",
  "modules/Namespace:-namespaceB.md",
  "enums/Enumeration:-enumItemA.md",
  "enums/Enumeration:-enumItemB.md",
  "classes/Class:-ClassItemA.md",
  "classes/Class:-ClassItemA.md#constructor",
  "classes/Class:-ClassItemB.md",
  "classes/Class:-ClassItemB.md#constructor",
  "interfaces/Interface:-InterfaceItemA.md",
  "interfaces/Interface:-InterfaceItemA.md#prop",
  "interfaces/Interface:-InterfaceItemB.md",
  "interfaces/Interface:-InterfaceItemB.md#prop",
]
`;

exports[`Theme: should write sidebar' 1`] = `
"## typedoc-plugin-markdown

- [Home](home)
- [Exports](Exports)

### Namespaces

- [namespaceA](modules/Namespace:-namespaceA)
- [namespaceB](modules/Namespace:-namespaceB)

### Enumerations

- [enumItemA](enums/Enumeration:-enumItemA)
- [enumItemB](enums/Enumeration:-enumItemB)

### Classes

- [ClassItemA](classes/Class:-ClassItemA)
- [ClassItemB](classes/Class:-ClassItemB)
- [SomeNestedClass](classes/Class:-SomeNestedClass)

### Interfaces

- [InterfaceItemA](interfaces/Interface:-InterfaceItemA)
- [InterfaceItemB](interfaces/Interface:-InterfaceItemB)"
`;
